app/dashboard/upload/page.tsx(133,10): error TS2322: Type '{ children: Element[]; animate: { scale: number; borderColor: string; }; whileHover: { scale: number; }; className: string; refKey?: string | undefined; defaultChecked?: boolean | undefined; ... 275 more ...; onTransitionStartCapture?: TransitionEventHandler<...> | undefined; }' is not assignable to type 'Omit<HTMLMotionProps<"div">, "ref">'.
  Types of property 'onDrag' are incompatible.
    Type 'DragEventHandler<HTMLElement> | undefined' is not assignable to type '((event: MouseEvent | TouchEvent | PointerEvent, info: PanInfo) => void) | undefined'.
      Type 'DragEventHandler<HTMLElement>' is not assignable to type '(event: MouseEvent | TouchEvent | PointerEvent, info: PanInfo) => void'.
        Types of parameters 'event' and 'event' are incompatible.
          Type 'MouseEvent | TouchEvent | PointerEvent' is not assignable to type 'DragEvent<HTMLElement>'.
            Type 'MouseEvent' is missing the following properties from type 'DragEvent<HTMLElement>': dataTransfer, nativeEvent, isDefaultPrevented, isPropagationStopped, persist
components/landing/background-3d.tsx(66,10): error TS2741: Property 'args' is missing in type '{ attach: string; count: number; array: Float32Array<ArrayBuffer>; itemSize: number; }' but required in type 'Mutable<Overwrite<Partial<Overwrite<BufferAttribute, MathProps<BufferAttribute> & ReactProps<BufferAttribute>>>, Omit<...>>>'.
components/landing/background-3d.tsx(72,10): error TS2741: Property 'args' is missing in type '{ attach: string; count: number; array: Float32Array<ArrayBuffer>; itemSize: number; }' but required in type 'Mutable<Overwrite<Partial<Overwrite<BufferAttribute, MathProps<BufferAttribute> & ReactProps<BufferAttribute>>>, Omit<...>>>'.
components/landing/background-3d.tsx(78,10): error TS2741: Property 'args' is missing in type '{ attach: string; count: number; array: Float32Array<ArrayBuffer>; itemSize: number; }' but required in type 'Mutable<Overwrite<Partial<Overwrite<BufferAttribute, MathProps<BufferAttribute> & ReactProps<BufferAttribute>>>, Omit<...>>>'.
components/login/network-background.tsx(136,10): error TS2741: Property 'args' is missing in type '{ attach: string; count: number; array: Float32Array<ArrayBuffer>; itemSize: number; }' but required in type 'Mutable<Overwrite<Partial<Overwrite<BufferAttribute, MathProps<BufferAttribute> & ReactProps<BufferAttribute>>>, Omit<...>>>'.
components/login/network-background.tsx(229,10): error TS2741: Property 'args' is missing in type '{ attach: string; count: number; array: Float32Array<ArrayBuffer>; itemSize: number; }' but required in type 'Mutable<Overwrite<Partial<Overwrite<BufferAttribute, MathProps<BufferAttribute> & ReactProps<BufferAttribute>>>, Omit<...>>>'.
components/login/network-background.tsx(235,10): error TS2741: Property 'args' is missing in type '{ attach: string; count: number; array: Float32Array<ArrayBuffer>; itemSize: number; }' but required in type 'Mutable<Overwrite<Partial<Overwrite<BufferAttribute, MathProps<BufferAttribute> & ReactProps<BufferAttribute>>>, Omit<...>>>'.
components/three/particle-background.tsx(61,10): error TS2741: Property 'args' is missing in type '{ attach: string; count: number; array: Float32Array<ArrayBuffer>; itemSize: number; }' but required in type 'Mutable<Overwrite<Partial<Overwrite<BufferAttribute, MathProps<BufferAttribute> & ReactProps<BufferAttribute>>>, Omit<...>>>'.
components/three/particle-background.tsx(67,10): error TS2741: Property 'args' is missing in type '{ attach: string; count: number; array: Float32Array<ArrayBuffer>; itemSize: number; }' but required in type 'Mutable<Overwrite<Partial<Overwrite<BufferAttribute, MathProps<BufferAttribute> & ReactProps<BufferAttribute>>>, Omit<...>>>'.
components/three/particle-background.tsx(73,10): error TS2741: Property 'args' is missing in type '{ attach: string; count: number; array: Float32Array<ArrayBuffer>; itemSize: number; }' but required in type 'Mutable<Overwrite<Partial<Overwrite<BufferAttribute, MathProps<BufferAttribute> & ReactProps<BufferAttribute>>>, Omit<...>>>'.
context/auth-context.tsx(5,21): error TS7016: Could not find a declaration file for module 'js-cookie'. 'D:/hrms application/node_modules/js-cookie/dist/js.cookie.mjs' implicitly has an 'any' type.
  Try `npm i --save-dev @types/js-cookie` if it exists or add a new declaration (.d.ts) file containing `declare module 'js-cookie';`
lib/api/client.ts(2,21): error TS7016: Could not find a declaration file for module 'js-cookie'. 'D:/hrms application/node_modules/js-cookie/dist/js.cookie.mjs' implicitly has an 'any' type.
  Try `npm i --save-dev @types/js-cookie` if it exists or add a new declaration (.d.ts) file containing `declare module 'js-cookie';`
